03:04:05 up 0 days,  00:00,  1 user,  load average: 0.08, 0.02, 0.01
