              total        used        free      shared  buff/cache   available
Mem:           7.2G        4.1G        1.8G        623M        1.3G        2.2G
Swap:           23G        4.1G         19G
