              total        used        free      shared  buff/cache   available
Mem:        7596572     4387812     1215572      730612     1993188     2171992
Swap:      24587768     4301240    20286528
