uid=0($SSHLOGINUSER$) gid=0($SSHLOGINUSER$) groups=0($SSHLOGINUSER$)
