usage: w
Show who is logged in and what they're doing.

Flags:
 -h, --help  show this help and exit
