[
  {
    "command": [
      "/bin/touch",
      "foo"
    ],
    "output": ""
  },
  {
    "command": [
      "/bin/ls",
      "-lah"
    ],
    "output": "total 0\n-rw-rw-rw- 1 root root 0 Jan  2 2006 foo\n"
  }
]